
> connectsphere@0.1.0 build
> tsc --noEmit && vite build

vite v5.4.21 building for production...
transforming...
✓ 245 modules transformed.
rendering chunks...
computing gzip size...
dist/index.html                   0.71 kB │ gzip:   0.40 kB
dist/assets/index-XnzbO9jq.css   31.01 kB │ gzip:   6.09 kB
dist/assets/index-RuwYWArS.js   662.54 kB │ gzip: 183.45 kB
npm.cmd :
At line:2 char:475
+ ... STEXITCODE; npm.cmd run build *> '../docs/us10-slice2-evidence/build. ...
+                 ~~~~~~~~~~~~~~~~~~~~~~~~~~~~~~~~~~~~~~~~~~~~~~~~~~~~~~~~~
    + CategoryInfo          : NotSpecified: (:String) [], RemoteException
    + FullyQualifiedErrorId : NativeCommandError

(!) Some chunks are larger than 500 kB after minification. Consider:
- Using dynamic import() to code-split the application
- Use build.rollupOptions.output.manualChunks to improve chunking:
https://rollupjs.org/configuration-options/#output-manualchunks
- Adjust chunk size limit for this warning via build.chunkSizeWarningLimit.
✓ built in 4.50s
